#-----------------------------------------------------------
# Vivado v2025.1 (64-bit)
# SW Build 6140274 on Thu May 22 00:12:29 MDT 2025
# IP Build 6138677 on Thu May 22 03:10:11 MDT 2025
# SharedData Build 6139179 on Tue May 20 17:58:58 MDT 2025
# Start of session at: Tue Apr 21 22:23:32 2026
# Process ID         : 10008
# Current directory  : C:/Users/Tudor/Desktop/test_rom/project_1/project_1.runs/font_rom_ip_synth_1
# Command line       : vivado.exe -log font_rom_ip.vds -product Vivado -mode batch -messageDb vivado.pb -notrace -source font_rom_ip.tcl
# Log file           : C:/Users/Tudor/Desktop/test_rom/project_1/project_1.runs/font_rom_ip_synth_1/font_rom_ip.vds
# Journal file       : C:/Users/Tudor/Desktop/test_rom/project_1/project_1.runs/font_rom_ip_synth_1\vivado.jou
# Running On         : DESKTOP-D8VOBQQ
# Platform           : Windows Server 2016 or Windows 10
# Operating System   : 19045
# Processor Detail   : AMD Ryzen 5 5600H with Radeon Graphics         
# CPU Frequency      : 3294 MHz
# CPU Physical cores : 6
# CPU Logical cores  : 12
# Host memory        : 6287 MB
# Swap memory        : 18157 MB
# Total Virtual      : 24445 MB
# Available Virtual  : 3148 MB
#-----------------------------------------------------------
source font_rom_ip.tcl -notrace
